[INFO] Scanning for projects...
[INFO] 
[INFO] --------------------------< dai.boot:projeto >--------------------------
[INFO] Building projeto 0.0.1-SNAPSHOT
[INFO]   from pom.xml
[INFO] --------------------------------[ jar ]---------------------------------
[INFO] 
[INFO] >>> spring-boot:3.2.4:run (default-cli) > test-compile @ projeto >>>
[INFO] 
[INFO] --- resources:3.3.1:resources (default-resources) @ projeto ---
[INFO] Copying 1 resource from src/main/resources to target/classes
[INFO] Copying 16 resources from src/main/resources to target/classes
[INFO] 
[INFO] --- compiler:3.11.0:compile (default-compile) @ projeto ---
[INFO] Nothing to compile - all classes are up to date
[INFO] 
[INFO] --- resources:3.3.1:testResources (default-testResources) @ projeto ---
[INFO] skip non existing resourceDirectory /home/simaocosta06/TUB-Projeto/src/test/resources
[INFO] 
[INFO] --- compiler:3.11.0:testCompile (default-testCompile) @ projeto ---
[INFO] Nothing to compile - all classes are up to date
[INFO] 
[INFO] <<< spring-boot:3.2.4:run (default-cli) < test-compile @ projeto <<<
[INFO] 
[INFO] 
[INFO] --- spring-boot:3.2.4:run (default-cli) @ projeto ---
[INFO] Attaching agents: []

  .   ____          _            __ _ _
 /\\ / ___'_ __ _ _(_)_ __  __ _ \ \ \ \
( ( )\___ | '_ | '_| | '_ \/ _` | \ \ \ \
 \\/  ___)| |_)| | | | | || (_| |  ) ) ) )
  '  |____| .__|_| |_|_| |_\__, | / / / /
 =========|_|==============|___/=/_/_/_/
 :: Spring Boot ::                (v3.2.4)

2026-04-21T23:42:18.626+01:00  INFO 89073 --- [projeto] [           main] dai.boot.projeto.ProjetoApplication      : Starting ProjetoApplication using Java 17.0.18 with PID 89073 (/home/simaocosta06/TUB-Projeto/target/classes started by simaocosta06 in /home/simaocosta06/TUB-Projeto)
2026-04-21T23:42:18.630+01:00  INFO 89073 --- [projeto] [           main] dai.boot.projeto.ProjetoApplication      : No active profile set, falling back to 1 default profile: "default"
2026-04-21T23:42:19.157+01:00  INFO 89073 --- [projeto] [           main] .s.d.r.c.RepositoryConfigurationDelegate : Bootstrapping Spring Data JPA repositories in DEFAULT mode.
2026-04-21T23:42:19.224+01:00  INFO 89073 --- [projeto] [           main] .s.d.r.c.RepositoryConfigurationDelegate : Finished Spring Data repository scanning in 59 ms. Found 8 JPA repository interfaces.
2026-04-21T23:42:20.071+01:00  INFO 89073 --- [projeto] [           main] o.s.b.w.embedded.tomcat.TomcatWebServer  : Tomcat initialized with port 8080 (http)
2026-04-21T23:42:20.084+01:00  INFO 89073 --- [projeto] [           main] o.apache.catalina.core.StandardService   : Starting service [Tomcat]
2026-04-21T23:42:20.084+01:00  INFO 89073 --- [projeto] [           main] o.apache.catalina.core.StandardEngine    : Starting Servlet engine: [Apache Tomcat/10.1.19]
2026-04-21T23:42:20.141+01:00  INFO 89073 --- [projeto] [           main] o.a.c.c.C.[Tomcat].[localhost].[/]       : Initializing Spring embedded WebApplicationContext
2026-04-21T23:42:20.142+01:00  INFO 89073 --- [projeto] [           main] w.s.c.ServletWebServerApplicationContext : Root WebApplicationContext: initialization completed in 1439 ms
2026-04-21T23:42:20.291+01:00  INFO 89073 --- [projeto] [           main] o.hibernate.jpa.internal.util.LogHelper  : HHH000204: Processing PersistenceUnitInfo [name: default]
2026-04-21T23:42:20.338+01:00  INFO 89073 --- [projeto] [           main] org.hibernate.Version                    : HHH000412: Hibernate ORM core version 6.4.4.Final
2026-04-21T23:42:20.380+01:00  INFO 89073 --- [projeto] [           main] o.h.c.internal.RegionFactoryInitiator    : HHH000026: Second-level cache disabled
2026-04-21T23:42:20.583+01:00  INFO 89073 --- [projeto] [           main] o.s.o.j.p.SpringPersistenceUnitInfo      : No LoadTimeWeaver setup: ignoring JPA class transformer
2026-04-21T23:42:20.607+01:00  INFO 89073 --- [projeto] [           main] com.zaxxer.hikari.HikariDataSource       : HikariPool-1 - Starting...
2026-04-21T23:42:20.811+01:00  INFO 89073 --- [projeto] [           main] com.zaxxer.hikari.pool.HikariPool        : HikariPool-1 - Added connection org.postgresql.jdbc.PgConnection@99a8de3
2026-04-21T23:42:20.812+01:00  INFO 89073 --- [projeto] [           main] com.zaxxer.hikari.HikariDataSource       : HikariPool-1 - Start completed.
2026-04-21T23:42:20.853+01:00  WARN 89073 --- [projeto] [           main] org.hibernate.orm.deprecation            : HHH90000025: PostgreSQLDialect does not need to be specified explicitly using 'hibernate.dialect' (remove the property setting and it will be selected by default)
2026-04-21T23:42:22.141+01:00  INFO 89073 --- [projeto] [           main] o.h.e.t.j.p.i.JtaPlatformInitiator       : HHH000489: No JTA platform available (set 'hibernate.transaction.jta.platform' to enable JTA platform integration)
2026-04-21T23:42:23.077+01:00  INFO 89073 --- [projeto] [           main] j.LocalContainerEntityManagerFactoryBean : Initialized JPA EntityManagerFactory for persistence unit 'default'
2026-04-21T23:42:23.622+01:00  WARN 89073 --- [projeto] [           main] JpaBaseConfiguration$JpaWebConfiguration : spring.jpa.open-in-view is enabled by default. Therefore, database queries may be performed during view rendering. Explicitly configure spring.jpa.open-in-view to disable this warning
2026-04-21T23:42:23.641+01:00  INFO 89073 --- [projeto] [           main] o.s.b.a.w.s.WelcomePageHandlerMapping    : Adding welcome page: class path resource [static/index.html]
2026-04-21T23:42:23.930+01:00  INFO 89073 --- [projeto] [           main] o.s.b.w.embedded.tomcat.TomcatWebServer  : Tomcat started on port 8080 (http) with context path ''
2026-04-21T23:42:23.944+01:00  INFO 89073 --- [projeto] [           main] dai.boot.projeto.ProjetoApplication      : Started ProjetoApplication in 5.702 seconds (process running for 6.016)
2026-04-21T23:42:29.631+01:00  INFO 89073 --- [projeto] [ionShutdownHook] j.LocalContainerEntityManagerFactoryBean : Closing JPA EntityManagerFactory for persistence unit 'default'
2026-04-21T23:42:29.634+01:00  INFO 89073 --- [projeto] [ionShutdownHook] com.zaxxer.hikari.HikariDataSource       : HikariPool-1 - Shutdown initiated...
2026-04-21T23:42:29.642+01:00  INFO 89073 --- [projeto] [ionShutdownHook] com.zaxxer.hikari.HikariDataSource       : HikariPool-1 - Shutdown completed.
